[fortshop.eu/index.html]
[backblue.gif]
[fade.gif]
[index.html]
[client.crisp.chat/l.js]
[fortshop.eu/images/logo.png]
[fortshop.eu/styles/main.min.css]
[fortshop.eu/scripts/slick/slick.css]
[fortshop.eu/scripts/slick/slick-theme.css]
[fortshop.eu/use.fontawesome.com/all.html]
[fortshop.eu/images/renegade.png]
[fortshop.eu/images/wildcat.png]
[fortshop.eu/images/ikonik.png]
[fortshop.eu/images/ghoul.png]
[fortshop.eu/images/aerial.png]
[fortshop.eu/images/galaxy.png]
[fortshop.eu/images/random1.png]
[fortshop.eu/images/wonder.png]
[fortshop.eu/images/XD.png]
[fortshop.eu/images/minty.png]
[fortshop.eu/about.html]
[fortshop.eu/feedbacks.html]
[fortshop.eu/images/tlo1.png]
[fortshop.eu/images/shield.gif]
[fortshop.eu/images/random2.png]
[fortshop.eu/scripts/timer2.js]
[fortshop.eu/scripts/timer.js]
[fortshop.eu/scripts/main.js]
[fortshop.eu/code.jquery.com/jquery-3.4.1.js]
[fortshop.eu/code.jquery.com/jquery-migrate-3.1.0.js]
[fortshop.eu/scripts/slick/slick.min.js]
[fortshop.eu/index.html]
[fortshop.eu/images/snow.gif]
[fortshop.eu/styles/main.min.css]
[fortshop.eu/scripts/slick/slick.css]
[fortshop.eu/scripts/slick/ajax-loader.gif]
[fortshop.eu/scripts/slick/fonts/slick.html]
[fortshop.eu/scripts/slick/fonts/slick-1.html]
[fortshop.eu/scripts/slick/fonts/slick-2.html]
[fortshop.eu/scripts/slick/fonts/slick-3.html]
[fortshop.eu/scripts/slick/fonts/slick-4.html]
[fortshop.eu/scripts/slick/slick-theme.css]
[fortshop.eu/use.fontawansome.com/all.css]
[fortshop.eu/use.fontawesome.com/all.html]
[fortshop.eu/styles/about.min.css]
[fortshop.eu/use.fontawesome.com/releases/v5.11.2/css/all.html]
[fortshop.eu/index-2.html]
[fortshop.eu/images/hero_right_gs.html]
[fortshop.eu/privacy.html]
[fortshop.eu/about.html]
[fortshop.eu/styles/feedback.min.css]
[fortshop.eu/feedbacks.html]
[www.cba.pl/img/favicon.png]
[www.cba.pl/img/404.png]
[www.cba.pl/img/logo_cba.png]
[www.cba.pl/img/404_server.png]
[fortshop.eu/scripts/slick/fonts/slick.html]
[fortshop.eu/scripts/slick/fonts/slick-1.html]
[fortshop.eu/scripts/slick/fonts/slick-2.html]
[fortshop.eu/scripts/slick/fonts/slick-3.html]
[fortshop.eu/scripts/slick/fonts/slick-4.html]
[fortshop.eu/use.fontawansome.com/all.html]
[fortshop.eu/images/1526414.html]
[fortshop.eu/styles/about.min.css]
[fortshop.eu/use.fontawansome.com/releases/v5.11.2/css/all.html]
[fortshop.eu/use.fontawesome.com/releases/v5.11.2/css/all.html]
[fortshop.eu/index-2.html]
[fortshop.eu/images/hero_right_gs.html]
[fortshop.eu/images/logo2.png]
[fortshop.eu/styles/privacy.min.css]
[fortshop.eu/index-3.html]
[fortshop.eu/privacy.html]
[fortshop.eu/styles/feedback.min.css]
[fortshop.eu/images/1526414.html]
[fortshop.eu/use.fontawansome.com/releases/v5.11.2/css/all.html]
[fortshop.eu/styles/privacy.min.css]
[fortshop.eu/images/spiderman.png]
[fortshop.eu/images/gh+BK.png]
[fortshop.eu/images/random3.png]
[fortshop.eu/images/BK+R+GT.png]
[fortshop.eu/images/r+bk.png]
[fortshop.eu/index-3.html]
